[INFO] Scanning for projects...
[INFO] 
[INFO] ---------------------< com.szsemicon:shenzhou-hr >----------------------
[INFO] Building shenzhou-hr 0.1.0-SNAPSHOT
[INFO]   from pom.xml
[INFO] --------------------------------[ jar ]---------------------------------
[INFO] 
[INFO] --- enforcer:3.6.2:enforce (enforce-java) @ shenzhou-hr ---
[INFO] Rule 0: org.apache.maven.enforcer.rules.version.RequireJavaVersion passed
[INFO] 
[INFO] --- resources:3.5.0:resources (default-resources) @ shenzhou-hr ---
[INFO] Copying 2 resources from src/main/resources to target/classes
[INFO] Copying 13 resources from src/main/resources to target/classes
[INFO] 
[INFO] --- compiler:3.15.0:compile (default-compile) @ shenzhou-hr ---
[INFO] Nothing to compile - all classes are up to date.
[INFO] 
[INFO] --- resources:3.5.0:testResources (default-testResources) @ shenzhou-hr ---
[INFO] Copying 4 resources from src/test/resources to target/test-classes
[INFO] 
[INFO] --- compiler:3.15.0:testCompile (default-testCompile) @ shenzhou-hr ---
[INFO] Recompiling the module because of changed source code.
[INFO] Compiling 20 source files with javac [debug parameters release 21] to target/test-classes
[INFO] 
[INFO] --- surefire:3.5.6:test (default-test) @ shenzhou-hr ---
[INFO] Using auto detected provider org.apache.maven.surefire.junitplatform.JUnitPlatformProvider
[INFO] 
[INFO] -------------------------------------------------------
[INFO]  T E S T S
[INFO] -------------------------------------------------------
[INFO] Running com.szsemicon.hr.organization.application.CurrentOrganizationQueryServiceTest
[INFO] Tests run: 3, Failures: 0, Errors: 0, Skipped: 0, Time elapsed: 0.284 s -- in com.szsemicon.hr.organization.application.CurrentOrganizationQueryServiceTest
[INFO] Running com.szsemicon.hr.wave2.Wave2OpenApiContractTest
[INFO] Tests run: 8, Failures: 0, Errors: 0, Skipped: 0, Time elapsed: 0.182 s -- in com.szsemicon.hr.wave2.Wave2OpenApiContractTest
[INFO] Running com.szsemicon.hr.wave2.PeopleWorkbookTemplateContractTest
[INFO] Tests run: 3, Failures: 0, Errors: 0, Skipped: 0, Time elapsed: 2.763 s -- in com.szsemicon.hr.wave2.PeopleWorkbookTemplateContractTest
[INFO] Running com.szsemicon.hr.shared.security.DevelopmentPrincipalFilterTest
[INFO] Tests run: 2, Failures: 0, Errors: 0, Skipped: 0, Time elapsed: 0.085 s -- in com.szsemicon.hr.shared.security.DevelopmentPrincipalFilterTest
[INFO] Running com.szsemicon.hr.shared.web.CorrelationIdFilterTest
[INFO] Tests run: 2, Failures: 0, Errors: 0, Skipped: 0, Time elapsed: 0.019 s -- in com.szsemicon.hr.shared.web.CorrelationIdFilterTest
[INFO] Running com.szsemicon.hr.shared.ExternalPreciseIdTest
[INFO] Tests run: 2, Failures: 0, Errors: 0, Skipped: 0, Time elapsed: 0.009 s -- in com.szsemicon.hr.shared.ExternalPreciseIdTest
[INFO] Running com.szsemicon.hr.architecture.LayerDependencyTest
10:00:31.463 [main] INFO com.tngtech.archunit.core.PluginLoader -- Detected Java version 21.0.11
[INFO] Tests run: 2, Failures: 0, Errors: 0, Skipped: 0, Time elapsed: 5.983 s -- in com.szsemicon.hr.architecture.LayerDependencyTest
[INFO] Running com.szsemicon.hr.architecture.MyBatisMapperContractTest
[INFO] Tests run: 1, Failures: 0, Errors: 0, Skipped: 0, Time elapsed: 0.282 s -- in com.szsemicon.hr.architecture.MyBatisMapperContractTest
[INFO] Running com.szsemicon.hr.wave1.Wave1AuthenticationSecurityIntegrationTest
10:00:37.810 [main] INFO org.springframework.test.context.support.AnnotationConfigContextLoaderUtils -- Could not detect default configuration classes for test class [com.szsemicon.hr.wave1.Wave1AuthenticationSecurityIntegrationTest]: Wave1AuthenticationSecurityIntegrationTest does not declare any static, non-private, non-final, nested classes annotated with @Configuration.
10:00:37.960 [main] INFO org.springframework.boot.test.context.SpringBootTestContextBootstrapper -- Found @SpringBootConfiguration com.szsemicon.hr.ShenzhouHrApplication for test class com.szsemicon.hr.wave1.Wave1AuthenticationSecurityIntegrationTest
10:00:38.181 [main] INFO org.springframework.test.context.support.AnnotationConfigContextLoaderUtils -- Could not detect default configuration classes for test class [com.szsemicon.hr.wave1.Wave1AuthenticationSecurityIntegrationTest]: Wave1AuthenticationSecurityIntegrationTest does not declare any static, non-private, non-final, nested classes annotated with @Configuration.
10:00:38.182 [main] INFO org.springframework.test.context.support.AnnotationConfigContextLoaderUtils -- Could not detect default configuration classes for test class [com.szsemicon.hr.wave1.Wave1IntegrationTestSupport]: Wave1IntegrationTestSupport does not declare any static, non-private, non-final, nested classes annotated with @Configuration.
10:00:38.191 [main] INFO org.springframework.boot.test.context.SpringBootTestContextBootstrapper -- Found @SpringBootConfiguration com.szsemicon.hr.ShenzhouHrApplication for test class com.szsemicon.hr.wave1.Wave1AuthenticationSecurityIntegrationTest

  .   ____          _            __ _ _
 /\\ / ___'_ __ _ _(_)_ __  __ _ \ \ \ \
( ( )\___ | '_ | '_| | '_ \/ _` | \ \ \ \
 \\/  ___)| |_)| | | | | || (_| |  ) ) ) )
  '  |____| .__|_| |_|_| |_\__, | / / / /
 =========|_|==============|___/=/_/_/_/

 :: Spring Boot ::                (v4.1.0)

2026-07-26T10:00:38.853+08:00  INFO [correlation_id=] 45476 --- [shenzhou-hr] [           main] ve1AuthenticationSecurityIntegrationTest : Starting Wave1AuthenticationSecurityIntegrationTest using Java 21.0.11 with PID 45476 (started by huzhijin in /Users/huzhijin/Downloads/shenzhouHR/backend)
2026-07-26T10:00:38.857+08:00  INFO [correlation_id=] 45476 --- [shenzhou-hr] [           main] ve1AuthenticationSecurityIntegrationTest : The following 1 profile is active: "test"
2026-07-26T10:00:40.915+08:00  INFO [correlation_id=] 45476 --- [shenzhou-hr] [           main] com.zaxxer.hikari.HikariDataSource       : HikariPool-1 - Starting...
2026-07-26T10:00:41.198+08:00  INFO [correlation_id=] 45476 --- [shenzhou-hr] [           main] com.zaxxer.hikari.pool.HikariPool        : HikariPool-1 - Added connection conn0: url=jdbc:h2:mem:shenzhouhr-c4910d1d-0385-4c46-ba0c-26f9b1fecddd user=SA
2026-07-26T10:00:41.201+08:00  INFO [correlation_id=] 45476 --- [shenzhou-hr] [           main] com.zaxxer.hikari.HikariDataSource       : HikariPool-1 - Start completed.
2026-07-26T10:00:43.613+08:00  INFO [correlation_id=] 45476 --- [shenzhou-hr] [           main] o.s.b.t.m.w.SpringBootMockServletContext : Initializing Spring TestDispatcherServlet ''
2026-07-26T10:00:43.614+08:00  INFO [correlation_id=] 45476 --- [shenzhou-hr] [           main] o.s.t.web.servlet.TestDispatcherServlet  : Initializing Servlet ''
2026-07-26T10:00:43.649+08:00  INFO [correlation_id=] 45476 --- [shenzhou-hr] [           main] o.s.b.a.e.web.EndpointLinksResolver      : Exposing 3 endpoints beneath base path '/actuator'
2026-07-26T10:00:43.675+08:00  INFO [correlation_id=] 45476 --- [shenzhou-hr] [           main] o.s.t.web.servlet.TestDispatcherServlet  : Completed initialization in 61 ms
2026-07-26T10:00:43.984+08:00  INFO [correlation_id=] 45476 --- [shenzhou-hr] [           main] ve1AuthenticationSecurityIntegrationTest : Started Wave1AuthenticationSecurityIntegrationTest in 5.67 seconds (process running for 17.317)
Mockito is currently self-attaching to enable the inline-mock-maker. This will no longer work in future releases of the JDK. Please add Mockito as an agent to your build as described in Mockito's documentation: https://javadoc.io/doc/org.mockito/mockito-core/latest/org.mockito/org/mockito/Mockito.html#0.3
WARNING: A Java agent has been loaded dynamically (/Users/huzhijin/.m2/repository/net/bytebuddy/byte-buddy-agent/1.18.10/byte-buddy-agent-1.18.10.jar)
WARNING: If a serviceability tool is in use, please run with -XX:+EnableDynamicAgentLoading to hide this warning
WARNING: If a serviceability tool is not in use, please run with -Djdk.instrument.traceUsage for more information
WARNING: Dynamic loading of agents will be disallowed by default in a future release
[INFO] Tests run: 10, Failures: 0, Errors: 0, Skipped: 0, Time elapsed: 11.36 s -- in com.szsemicon.hr.wave1.Wave1AuthenticationSecurityIntegrationTest
[INFO] Running com.szsemicon.hr.wave1.Wave2PeopleAcceptanceIntegrationTest
2026-07-26T10:00:49.076+08:00  INFO [correlation_id=] 45476 --- [shenzhou-hr] [           main] t.c.s.AnnotationConfigContextLoaderUtils : Could not detect default configuration classes for test class [com.szsemicon.hr.wave1.Wave2PeopleAcceptanceIntegrationTest]: Wave2PeopleAcceptanceIntegrationTest does not declare any static, non-private, non-final, nested classes annotated with @Configuration.
2026-07-26T10:00:49.079+08:00  INFO [correlation_id=] 45476 --- [shenzhou-hr] [           main] .b.t.c.SpringBootTestContextBootstrapper : Found @SpringBootConfiguration com.szsemicon.hr.ShenzhouHrApplication for test class com.szsemicon.hr.wave1.Wave2PeopleAcceptanceIntegrationTest
2026-07-26T10:00:49.080+08:00  INFO [correlation_id=] 45476 --- [shenzhou-hr] [           main] t.c.s.AnnotationConfigContextLoaderUtils : Could not detect default configuration classes for test class [com.szsemicon.hr.wave1.Wave2PeopleAcceptanceIntegrationTest]: Wave2PeopleAcceptanceIntegrationTest does not declare any static, non-private, non-final, nested classes annotated with @Configuration.
2026-07-26T10:00:49.081+08:00  INFO [correlation_id=] 45476 --- [shenzhou-hr] [           main] t.c.s.AnnotationConfigContextLoaderUtils : Could not detect default configuration classes for test class [com.szsemicon.hr.wave1.Wave1IntegrationTestSupport]: Wave1IntegrationTestSupport does not declare any static, non-private, non-final, nested classes annotated with @Configuration.
2026-07-26T10:00:49.083+08:00  INFO [correlation_id=] 45476 --- [shenzhou-hr] [           main] .b.t.c.SpringBootTestContextBootstrapper : Found @SpringBootConfiguration com.szsemicon.hr.ShenzhouHrApplication for test class com.szsemicon.hr.wave1.Wave2PeopleAcceptanceIntegrationTest
[INFO] Tests run: 9, Failures: 0, Errors: 0, Skipped: 0, Time elapsed: 0.601 s -- in com.szsemicon.hr.wave1.Wave2PeopleAcceptanceIntegrationTest
[INFO] Running com.szsemicon.hr.wave1.Wave1OpenApiContractTest
[INFO] Tests run: 3, Failures: 0, Errors: 0, Skipped: 0, Time elapsed: 0.028 s -- in com.szsemicon.hr.wave1.Wave1OpenApiContractTest
[INFO] Running com.szsemicon.hr.wave1.Wave2ApiBehaviorContractIntegrationTest
2026-07-26T10:00:49.708+08:00  INFO [correlation_id=] 45476 --- [shenzhou-hr] [           main] t.c.s.AnnotationConfigContextLoaderUtils : Could not detect default configuration classes for test class [com.szsemicon.hr.wave1.Wave2ApiBehaviorContractIntegrationTest]: Wave2ApiBehaviorContractIntegrationTest does not declare any static, non-private, non-final, nested classes annotated with @Configuration.
2026-07-26T10:00:49.711+08:00  INFO [correlation_id=] 45476 --- [shenzhou-hr] [           main] .b.t.c.SpringBootTestContextBootstrapper : Found @SpringBootConfiguration com.szsemicon.hr.ShenzhouHrApplication for test class com.szsemicon.hr.wave1.Wave2ApiBehaviorContractIntegrationTest
2026-07-26T10:00:49.712+08:00  INFO [correlation_id=] 45476 --- [shenzhou-hr] [           main] t.c.s.AnnotationConfigContextLoaderUtils : Could not detect default configuration classes for test class [com.szsemicon.hr.wave1.Wave2ApiBehaviorContractIntegrationTest]: Wave2ApiBehaviorContractIntegrationTest does not declare any static, non-private, non-final, nested classes annotated with @Configuration.
2026-07-26T10:00:49.712+08:00  INFO [correlation_id=] 45476 --- [shenzhou-hr] [           main] t.c.s.AnnotationConfigContextLoaderUtils : Could not detect default configuration classes for test class [com.szsemicon.hr.wave1.Wave1IntegrationTestSupport]: Wave1IntegrationTestSupport does not declare any static, non-private, non-final, nested classes annotated with @Configuration.
2026-07-26T10:00:49.715+08:00  INFO [correlation_id=] 45476 --- [shenzhou-hr] [           main] .b.t.c.SpringBootTestContextBootstrapper : Found @SpringBootConfiguration com.szsemicon.hr.ShenzhouHrApplication for test class com.szsemicon.hr.wave1.Wave2ApiBehaviorContractIntegrationTest
2026-07-26T10:00:49.746+08:00  WARN [correlation_id=4d52f72b-0d0c-412b-b4c3-a15d58be914f] 45476 --- [shenzhou-hr] [           main] .w.s.m.s.DefaultHandlerExceptionResolver : Resolved [org.springframework.web.HttpRequestMethodNotSupportedException: Request method 'DELETE' is not supported]
[INFO] Tests run: 5, Failures: 0, Errors: 0, Skipped: 0, Time elapsed: 0.870 s -- in com.szsemicon.hr.wave1.Wave2ApiBehaviorContractIntegrationTest
[INFO] Running com.szsemicon.hr.wave1.Wave2PeopleExtendedAcceptanceIntegrationTest
2026-07-26T10:00:50.579+08:00  INFO [correlation_id=] 45476 --- [shenzhou-hr] [           main] t.c.s.AnnotationConfigContextLoaderUtils : Could not detect default configuration classes for test class [com.szsemicon.hr.wave1.Wave2PeopleExtendedAcceptanceIntegrationTest]: Wave2PeopleExtendedAcceptanceIntegrationTest does not declare any static, non-private, non-final, nested classes annotated with @Configuration.
2026-07-26T10:00:50.583+08:00  INFO [correlation_id=] 45476 --- [shenzhou-hr] [           main] .b.t.c.SpringBootTestContextBootstrapper : Found @SpringBootConfiguration com.szsemicon.hr.ShenzhouHrApplication for test class com.szsemicon.hr.wave1.Wave2PeopleExtendedAcceptanceIntegrationTest
2026-07-26T10:00:50.587+08:00  INFO [correlation_id=] 45476 --- [shenzhou-hr] [           main] t.c.s.AnnotationConfigContextLoaderUtils : Could not detect default configuration classes for test class [com.szsemicon.hr.wave1.Wave2PeopleExtendedAcceptanceIntegrationTest]: Wave2PeopleExtendedAcceptanceIntegrationTest does not declare any static, non-private, non-final, nested classes annotated with @Configuration.
2026-07-26T10:00:50.588+08:00  INFO [correlation_id=] 45476 --- [shenzhou-hr] [           main] t.c.s.AnnotationConfigContextLoaderUtils : Could not detect default configuration classes for test class [com.szsemicon.hr.wave1.Wave1IntegrationTestSupport]: Wave1IntegrationTestSupport does not declare any static, non-private, non-final, nested classes annotated with @Configuration.
2026-07-26T10:00:50.594+08:00  INFO [correlation_id=] 45476 --- [shenzhou-hr] [           main] .b.t.c.SpringBootTestContextBootstrapper : Found @SpringBootConfiguration com.szsemicon.hr.ShenzhouHrApplication for test class com.szsemicon.hr.wave1.Wave2PeopleExtendedAcceptanceIntegrationTest
2026-07-26T10:00:51.170+08:00  WARN [correlation_id=9136852a-b308-4807-ad23-b74d635542ac] 45476 --- [shenzhou-hr] [           main] .w.s.m.s.DefaultHandlerExceptionResolver : Resolved [org.springframework.web.HttpRequestMethodNotSupportedException: Request method 'DELETE' is not supported]
[INFO] Tests run: 9, Failures: 0, Errors: 0, Skipped: 0, Time elapsed: 0.671 s -- in com.szsemicon.hr.wave1.Wave2PeopleExtendedAcceptanceIntegrationTest
[INFO] Running com.szsemicon.hr.wave1.Wave1AccountAuthorizationAuditIntegrationTest
2026-07-26T10:00:51.251+08:00  INFO [correlation_id=] 45476 --- [shenzhou-hr] [           main] t.c.s.AnnotationConfigContextLoaderUtils : Could not detect default configuration classes for test class [com.szsemicon.hr.wave1.Wave1AccountAuthorizationAuditIntegrationTest]: Wave1AccountAuthorizationAuditIntegrationTest does not declare any static, non-private, non-final, nested classes annotated with @Configuration.
2026-07-26T10:00:51.254+08:00  INFO [correlation_id=] 45476 --- [shenzhou-hr] [           main] .b.t.c.SpringBootTestContextBootstrapper : Found @SpringBootConfiguration com.szsemicon.hr.ShenzhouHrApplication for test class com.szsemicon.hr.wave1.Wave1AccountAuthorizationAuditIntegrationTest
2026-07-26T10:00:51.255+08:00  INFO [correlation_id=] 45476 --- [shenzhou-hr] [           main] t.c.s.AnnotationConfigContextLoaderUtils : Could not detect default configuration classes for test class [com.szsemicon.hr.wave1.Wave1AccountAuthorizationAuditIntegrationTest]: Wave1AccountAuthorizationAuditIntegrationTest does not declare any static, non-private, non-final, nested classes annotated with @Configuration.
2026-07-26T10:00:51.256+08:00  INFO [correlation_id=] 45476 --- [shenzhou-hr] [           main] t.c.s.AnnotationConfigContextLoaderUtils : Could not detect default configuration classes for test class [com.szsemicon.hr.wave1.Wave1IntegrationTestSupport]: Wave1IntegrationTestSupport does not declare any static, non-private, non-final, nested classes annotated with @Configuration.
2026-07-26T10:00:51.259+08:00  INFO [correlation_id=] 45476 --- [shenzhou-hr] [           main] .b.t.c.SpringBootTestContextBootstrapper : Found @SpringBootConfiguration com.szsemicon.hr.ShenzhouHrApplication for test class com.szsemicon.hr.wave1.Wave1AccountAuthorizationAuditIntegrationTest
2026-07-26T10:00:51.525+08:00  WARN [correlation_id=306427c0-9062-4026-896e-cfab45948b59] 45476 --- [shenzhou-hr] [           main] .w.s.m.s.DefaultHandlerExceptionResolver : Resolved [org.springframework.web.HttpRequestMethodNotSupportedException: Request method 'POST' is not supported]
[INFO] Tests run: 8, Failures: 0, Errors: 0, Skipped: 0, Time elapsed: 0.811 s -- in com.szsemicon.hr.wave1.Wave1AccountAuthorizationAuditIntegrationTest
[INFO] Running com.szsemicon.hr.wave1.Wave1PolicyLifecycleIntegrationTest
2026-07-26T10:00:52.063+08:00  INFO [correlation_id=] 45476 --- [shenzhou-hr] [           main] t.c.s.AnnotationConfigContextLoaderUtils : Could not detect default configuration classes for test class [com.szsemicon.hr.wave1.Wave1PolicyLifecycleIntegrationTest]: Wave1PolicyLifecycleIntegrationTest does not declare any static, non-private, non-final, nested classes annotated with @Configuration.
2026-07-26T10:00:52.066+08:00  INFO [correlation_id=] 45476 --- [shenzhou-hr] [           main] .b.t.c.SpringBootTestContextBootstrapper : Found @SpringBootConfiguration com.szsemicon.hr.ShenzhouHrApplication for test class com.szsemicon.hr.wave1.Wave1PolicyLifecycleIntegrationTest
2026-07-26T10:00:52.067+08:00  INFO [correlation_id=] 45476 --- [shenzhou-hr] [           main] t.c.s.AnnotationConfigContextLoaderUtils : Could not detect default configuration classes for test class [com.szsemicon.hr.wave1.Wave1PolicyLifecycleIntegrationTest]: Wave1PolicyLifecycleIntegrationTest does not declare any static, non-private, non-final, nested classes annotated with @Configuration.
2026-07-26T10:00:52.067+08:00  INFO [correlation_id=] 45476 --- [shenzhou-hr] [           main] t.c.s.AnnotationConfigContextLoaderUtils : Could not detect default configuration classes for test class [com.szsemicon.hr.wave1.Wave1IntegrationTestSupport]: Wave1IntegrationTestSupport does not declare any static, non-private, non-final, nested classes annotated with @Configuration.
2026-07-26T10:00:52.069+08:00  INFO [correlation_id=] 45476 --- [shenzhou-hr] [           main] .b.t.c.SpringBootTestContextBootstrapper : Found @SpringBootConfiguration com.szsemicon.hr.ShenzhouHrApplication for test class com.szsemicon.hr.wave1.Wave1PolicyLifecycleIntegrationTest
[INFO] Tests run: 6, Failures: 0, Errors: 0, Skipped: 0, Time elapsed: 0.541 s -- in com.szsemicon.hr.wave1.Wave1PolicyLifecycleIntegrationTest
[INFO] Running com.szsemicon.hr.wave1.SyntheticAdminBootstrapTest
2026-07-26T10:00:52.612+08:00  INFO [correlation_id=] 45476 --- [shenzhou-hr] [           main] .b.t.c.SpringBootTestContextBootstrapper : Found @SpringBootConfiguration com.szsemicon.hr.ShenzhouHrApplication for test class com.szsemicon.hr.wave1.SyntheticAdminBootstrapTest
2026-07-26T10:00:52.615+08:00  INFO [correlation_id=] 45476 --- [shenzhou-hr] [           main] t.c.s.AnnotationConfigContextLoaderUtils : Could not detect default configuration classes for test class [com.szsemicon.hr.wave1.Wave1IntegrationTestSupport]: Wave1IntegrationTestSupport does not declare any static, non-private, non-final, nested classes annotated with @Configuration.
2026-07-26T10:00:52.617+08:00  INFO [correlation_id=] 45476 --- [shenzhou-hr] [           main] .b.t.c.SpringBootTestContextBootstrapper : Found @SpringBootConfiguration com.szsemicon.hr.ShenzhouHrApplication for test class com.szsemicon.hr.wave1.SyntheticAdminBootstrapTest

  .   ____          _            __ _ _
 /\\ / ___'_ __ _ _(_)_ __  __ _ \ \ \ \
( ( )\___ | '_ | '_| | '_ \/ _` | \ \ \ \
 \\/  ___)| |_)| | | | | || (_| |  ) ) ) )
  '  |____| .__|_| |_|_| |_\__, | / / / /
 =========|_|==============|___/=/_/_/_/

 :: Spring Boot ::                (v4.1.0)

2026-07-26T10:00:52.668+08:00  INFO [correlation_id=] 45476 --- [shenzhou-hr] [           main] c.s.h.wave1.SyntheticAdminBootstrapTest  : Starting SyntheticAdminBootstrapTest using Java 21.0.11 with PID 45476 (started by huzhijin in /Users/huzhijin/Downloads/shenzhouHR/backend)
2026-07-26T10:00:52.669+08:00  INFO [correlation_id=] 45476 --- [shenzhou-hr] [           main] c.s.h.wave1.SyntheticAdminBootstrapTest  : The following 1 profile is active: "test"
2026-07-26T10:00:53.119+08:00  INFO [correlation_id=] 45476 --- [shenzhou-hr] [           main] com.zaxxer.hikari.HikariDataSource       : HikariPool-2 - Starting...
2026-07-26T10:00:53.122+08:00  INFO [correlation_id=] 45476 --- [shenzhou-hr] [           main] com.zaxxer.hikari.pool.HikariPool        : HikariPool-2 - Added connection conn3: url=jdbc:h2:mem:shenzhouhr-e16164ff-3141-47fd-be75-0b08dca53788 user=SA
2026-07-26T10:00:53.122+08:00  INFO [correlation_id=] 45476 --- [shenzhou-hr] [           main] com.zaxxer.hikari.HikariDataSource       : HikariPool-2 - Start completed.
2026-07-26T10:00:54.109+08:00  INFO [correlation_id=] 45476 --- [shenzhou-hr] [           main] o.s.b.t.m.w.SpringBootMockServletContext : Initializing Spring TestDispatcherServlet ''
2026-07-26T10:00:54.109+08:00  INFO [correlation_id=] 45476 --- [shenzhou-hr] [           main] o.s.t.web.servlet.TestDispatcherServlet  : Initializing Servlet ''
2026-07-26T10:00:54.117+08:00  INFO [correlation_id=] 45476 --- [shenzhou-hr] [           main] o.s.b.a.e.web.EndpointLinksResolver      : Exposing 3 endpoints beneath base path '/actuator'
2026-07-26T10:00:54.127+08:00  INFO [correlation_id=] 45476 --- [shenzhou-hr] [           main] o.s.t.web.servlet.TestDispatcherServlet  : Completed initialization in 18 ms
2026-07-26T10:00:54.173+08:00  INFO [correlation_id=] 45476 --- [shenzhou-hr] [           main] c.s.h.wave1.SyntheticAdminBootstrapTest  : Started SyntheticAdminBootstrapTest in 1.544 seconds (process running for 27.506)
[INFO] Tests run: 4, Failures: 0, Errors: 0, Skipped: 0, Time elapsed: 5.739 s -- in com.szsemicon.hr.wave1.SyntheticAdminBootstrapTest
[INFO] Running com.szsemicon.hr.api.ReadApiSecurityIntegrationTest
2026-07-26T10:00:58.366+08:00  INFO [correlation_id=] 45476 --- [shenzhou-hr] [           main] .b.t.c.SpringBootTestContextBootstrapper : Found @SpringBootConfiguration com.szsemicon.hr.ShenzhouHrApplication for test class com.szsemicon.hr.api.ReadApiSecurityIntegrationTest
2026-07-26T10:00:58.370+08:00  INFO [correlation_id=] 45476 --- [shenzhou-hr] [           main] .b.t.c.SpringBootTestContextBootstrapper : Found @SpringBootConfiguration com.szsemicon.hr.ShenzhouHrApplication for test class com.szsemicon.hr.api.ReadApiSecurityIntegrationTest

  .   ____          _            __ _ _
 /\\ / ___'_ __ _ _(_)_ __  __ _ \ \ \ \
( ( )\___ | '_ | '_| | '_ \/ _` | \ \ \ \
 \\/  ___)| |_)| | | | | || (_| |  ) ) ) )
  '  |____| .__|_| |_|_| |_\__, | / / / /
 =========|_|==============|___/=/_/_/_/

 :: Spring Boot ::                (v4.1.0)

2026-07-26T10:00:58.403+08:00  INFO [correlation_id=] 45476 --- [shenzhou-hr] [           main] c.s.h.a.ReadApiSecurityIntegrationTest   : Starting ReadApiSecurityIntegrationTest using Java 21.0.11 with PID 45476 (started by huzhijin in /Users/huzhijin/Downloads/shenzhouHR/backend)
2026-07-26T10:00:58.404+08:00  INFO [correlation_id=] 45476 --- [shenzhou-hr] [           main] c.s.h.a.ReadApiSecurityIntegrationTest   : The following 1 profile is active: "test"
2026-07-26T10:00:58.773+08:00  INFO [correlation_id=] 45476 --- [shenzhou-hr] [           main] com.zaxxer.hikari.HikariDataSource       : HikariPool-3 - Starting...
2026-07-26T10:00:58.775+08:00  INFO [correlation_id=] 45476 --- [shenzhou-hr] [           main] com.zaxxer.hikari.pool.HikariPool        : HikariPool-3 - Added connection conn5: url=jdbc:h2:mem:shenzhouhr-9bd38b95-4639-4c2b-a5fc-b7e7dca1e8ee user=SA
2026-07-26T10:00:58.775+08:00  INFO [correlation_id=] 45476 --- [shenzhou-hr] [           main] com.zaxxer.hikari.HikariDataSource       : HikariPool-3 - Start completed.
2026-07-26T10:00:59.691+08:00  INFO [correlation_id=] 45476 --- [shenzhou-hr] [           main] o.s.b.t.m.w.SpringBootMockServletContext : Initializing Spring TestDispatcherServlet ''
2026-07-26T10:00:59.691+08:00  INFO [correlation_id=] 45476 --- [shenzhou-hr] [           main] o.s.t.web.servlet.TestDispatcherServlet  : Initializing Servlet ''
2026-07-26T10:00:59.697+08:00  INFO [correlation_id=] 45476 --- [shenzhou-hr] [           main] o.s.b.a.e.web.EndpointLinksResolver      : Exposing 3 endpoints beneath base path '/actuator'
2026-07-26T10:00:59.705+08:00  INFO [correlation_id=] 45476 --- [shenzhou-hr] [           main] o.s.t.web.servlet.TestDispatcherServlet  : Completed initialization in 14 ms
2026-07-26T10:00:59.748+08:00  INFO [correlation_id=] 45476 --- [shenzhou-hr] [           main] c.s.h.a.ReadApiSecurityIntegrationTest   : Started ReadApiSecurityIntegrationTest in 1.373 seconds (process running for 33.082)
[INFO] Tests run: 6, Failures: 0, Errors: 0, Skipped: 0, Time elapsed: 1.753 s -- in com.szsemicon.hr.api.ReadApiSecurityIntegrationTest
[INFO] Running com.szsemicon.hr.authorization.application.CurrentCapabilityServiceTest
[INFO] Tests run: 2, Failures: 0, Errors: 0, Skipped: 0, Time elapsed: 0.005 s -- in com.szsemicon.hr.authorization.application.CurrentCapabilityServiceTest
[INFO] Running com.szsemicon.hr.employee.application.EmployeeListQueryServiceTest
[INFO] Tests run: 2, Failures: 0, Errors: 0, Skipped: 0, Time elapsed: 0.008 s -- in com.szsemicon.hr.employee.application.EmployeeListQueryServiceTest
[INFO] 
[INFO] Results:
[INFO] 
[INFO] Tests run: 87, Failures: 0, Errors: 0, Skipped: 0
[INFO] 
[INFO] 
[INFO] --- jar:3.5.0:jar (default-jar) @ shenzhou-hr ---
[INFO] Building jar: /Users/huzhijin/Downloads/shenzhouHR/backend/target/shenzhou-hr-0.1.0-SNAPSHOT.jar
[INFO] 
[INFO] --- spring-boot:4.1.0:repackage (repackage) @ shenzhou-hr ---
[INFO] Replacing main artifact /Users/huzhijin/Downloads/shenzhouHR/backend/target/shenzhou-hr-0.1.0-SNAPSHOT.jar with repackaged archive, adding nested dependencies in BOOT-INF/.
[INFO] The original artifact has been renamed to /Users/huzhijin/Downloads/shenzhouHR/backend/target/shenzhou-hr-0.1.0-SNAPSHOT.jar.original
[INFO] ------------------------------------------------------------------------
[INFO] BUILD SUCCESS
[INFO] ------------------------------------------------------------------------
[INFO] Total time:  41.494 s
[INFO] Finished at: 2026-07-26T10:01:02+08:00
[INFO] ------------------------------------------------------------------------
