[shenzhouhr-mysql] SHENZHOUHR_MYSQL_HOST_STATUS=available
[shenzhouhr-mysql] SHENZHOUHR_MYSQL_PORT_STATUS=available
[shenzhouhr-mysql] SHENZHOUHR_MYSQL_CLIENT_BIN_STATUS=available
[shenzhouhr-mysql] SHENZHOUHR_FLYWAY_BIN_STATUS=available
[shenzhouhr-mysql] SHENZHOUHR_TEST_FINAL_STATE_STATUS=available
[shenzhouhr-mysql] SHENZHOUHR_MYSQL_ROOT_PASSWORD_STATUS=missing
[shenzhouhr-mysql] SHENZHOUHR_FLYWAY_PASSWORD_STATUS=available
[shenzhouhr-mysql] SHENZHOUHR_DEV_DB_PASSWORD_STATUS=available
[shenzhouhr-mysql] SHENZHOUHR_TEST_DB_PASSWORD_STATUS=available
[shenzhouhr-mysql] MYSQL_SERVER_CONTRACT=PASS version=8.0.34 hostname=huzhijindeMacBook-Pro.local port=3306 charset=utf8mb4 collation=utf8mb4_0900_ai_ci default_engine=InnoDB
perl: warning: Setting locale failed.
perl: warning: Please check that your locale settings:
	LC_ALL = "C.UTF-8",
	LC_CTYPE = "C.UTF-8",
	LANG = "C.UTF-8"
    are supported and installed on your system.
perl: warning: Falling back to the standard locale ("C").
[shenzhouhr-mysql] IMMUTABLE_MIGRATION_SHA256=PASS file=V1__identity_organization_authorization_audit.sql sha256=5f5cdd3367ef7ab128974b7fcad89a44bcfc5631008bd066806f77d33f85c440
perl: warning: Setting locale failed.
perl: warning: Please check that your locale settings:
	LC_ALL = "C.UTF-8",
	LC_CTYPE = "C.UTF-8",
	LANG = "C.UTF-8"
    are supported and installed on your system.
perl: warning: Falling back to the standard locale ("C").
[shenzhouhr-mysql] IMMUTABLE_MIGRATION_SHA256=PASS file=V2__baseline_authorization_catalog.sql sha256=28934279faafa2154faccd470976aa6ab2c4a5058f7d1b08a989c271da5241b4
perl: warning: Setting locale failed.
perl: warning: Please check that your locale settings:
	LC_ALL = "C.UTF-8",
	LC_CTYPE = "C.UTF-8",
	LANG = "C.UTF-8"
    are supported and installed on your system.
perl: warning: Falling back to the standard locale ("C").
[shenzhouhr-mysql] IMMUTABLE_MIGRATION_SHA256=PASS file=V3__local_identity_session.sql sha256=75120a31c594f2a974c031ed400d028028f83fb915df1b457902df27a971f9f9
perl: warning: Setting locale failed.
perl: warning: Please check that your locale settings:
	LC_ALL = "C.UTF-8",
	LC_CTYPE = "C.UTF-8",
	LANG = "C.UTF-8"
    are supported and installed on your system.
perl: warning: Falling back to the standard locale ("C").
[shenzhouhr-mysql] IMMUTABLE_MIGRATION_SHA256=PASS file=V4__versioned_policy_foundation.sql sha256=22b7f4b4b5ad21beec719c09aade3fc50b41a64d958951a690328ea38d2402a8
perl: warning: Setting locale failed.
perl: warning: Please check that your locale settings:
	LC_ALL = "C.UTF-8",
	LC_CTYPE = "C.UTF-8",
	LANG = "C.UTF-8"
    are supported and installed on your system.
perl: warning: Falling back to the standard locale ("C").
[INFO] Scanning for projects...
[INFO] 
[INFO] ---------------------< com.szsemicon:shenzhou-hr >----------------------
[INFO] Building shenzhou-hr 0.1.0-SNAPSHOT
[INFO]   from pom.xml
[INFO] --------------------------------[ jar ]---------------------------------
[INFO] 
[INFO] --- flyway:12.4.0:migrate (default-cli) @ shenzhou-hr ---
[INFO] Database: jdbc:mysql://localhost:3306/shenzhou_hr_dev?useUnicode=true&characterEncoding=UTF-8&connectionTimeZone=UTC&forceConnectionTimeZoneToSession=true (MySQL 8.0)
[INFO] Successfully validated 6 migrations (execution time 00:00.043s)
[INFO] Current version of schema `shenzhou_hr_dev`: 6
[INFO] Schema `shenzhou_hr_dev` is up to date. No migration necessary.
[INFO] Database: jdbc:mysql://localhost:3306/shenzhou_hr_dev?useUnicode=true&characterEncoding=UTF-8&connectionTimeZone=UTC&forceConnectionTimeZoneToSession=true (MySQL 8.0)
[INFO] ------------------------------------------------------------------------
[INFO] BUILD SUCCESS
[INFO] ------------------------------------------------------------------------
[INFO] Total time:  2.989 s
[INFO] Finished at: 2026-07-26T10:21:05+08:00
[INFO] ------------------------------------------------------------------------
[INFO] Scanning for projects...
[INFO] 
[INFO] ---------------------< com.szsemicon:shenzhou-hr >----------------------
[INFO] Building shenzhou-hr 0.1.0-SNAPSHOT
[INFO]   from pom.xml
[INFO] --------------------------------[ jar ]---------------------------------
[INFO] 
[INFO] --- flyway:12.4.0:validate (default-cli) @ shenzhou-hr ---
[INFO] Database: jdbc:mysql://localhost:3306/shenzhou_hr_dev?useUnicode=true&characterEncoding=UTF-8&connectionTimeZone=UTC&forceConnectionTimeZoneToSession=true (MySQL 8.0)
[INFO] Successfully validated 6 migrations (execution time 00:00.043s)
[INFO] ------------------------------------------------------------------------
[INFO] BUILD SUCCESS
[INFO] ------------------------------------------------------------------------
[INFO] Total time:  2.532 s
[INFO] Finished at: 2026-07-26T10:21:10+08:00
[INFO] ------------------------------------------------------------------------
perl: warning: Setting locale failed.
perl: warning: Please check that your locale settings:
	LC_ALL = "C.UTF-8",
	LC_CTYPE = "C.UTF-8",
	LANG = "C.UTF-8"
    are supported and installed on your system.
perl: warning: Falling back to the standard locale ("C").
[INFO] Scanning for projects...
[INFO] 
[INFO] ---------------------< com.szsemicon:shenzhou-hr >----------------------
[INFO] Building shenzhou-hr 0.1.0-SNAPSHOT
[INFO]   from pom.xml
[INFO] --------------------------------[ jar ]---------------------------------
[INFO] 
[INFO] --- flyway:12.4.0:migrate (default-cli) @ shenzhou-hr ---
[INFO] Database: jdbc:mysql://localhost:3306/shenzhou_hr_dev?useUnicode=true&characterEncoding=UTF-8&connectionTimeZone=UTC&forceConnectionTimeZoneToSession=true (MySQL 8.0)
[INFO] Successfully validated 6 migrations (execution time 00:00.040s)
[INFO] Current version of schema `shenzhou_hr_dev`: 6
[INFO] Schema `shenzhou_hr_dev` is up to date. No migration necessary.
[INFO] Database: jdbc:mysql://localhost:3306/shenzhou_hr_dev?useUnicode=true&characterEncoding=UTF-8&connectionTimeZone=UTC&forceConnectionTimeZoneToSession=true (MySQL 8.0)
[INFO] ------------------------------------------------------------------------
[INFO] BUILD SUCCESS
[INFO] ------------------------------------------------------------------------
[INFO] Total time:  2.359 s
[INFO] Finished at: 2026-07-26T10:21:14+08:00
[INFO] ------------------------------------------------------------------------
[shenzhouhr-mysql] SECOND_MIGRATE_NOOP=PASS database=shenzhou_hr_dev history=6 tables=38
[shenzhouhr-mysql] DEV_FORWARD_MIGRATION=PASS wave1_core_rows=1|10|18|8|224|1 stable_sha256=1e4019f9f0c4e88cb4c0faf9767b5dbacd40d4b4236d2c99e89c3ec47c79cd1d
[shenzhouhr-mysql] TEST_TABLE_REBUILD=PASS database=shenzhou_hr_test
perl: warning: Setting locale failed.
perl: warning: Please check that your locale settings:
	LC_ALL = "C.UTF-8",
	LC_CTYPE = "C.UTF-8",
	LANG = "C.UTF-8"
    are supported and installed on your system.
perl: warning: Falling back to the standard locale ("C").
[shenzhouhr-mysql] IMMUTABLE_MIGRATION_SHA256=PASS file=V1__identity_organization_authorization_audit.sql sha256=5f5cdd3367ef7ab128974b7fcad89a44bcfc5631008bd066806f77d33f85c440
perl: warning: Setting locale failed.
perl: warning: Please check that your locale settings:
	LC_ALL = "C.UTF-8",
	LC_CTYPE = "C.UTF-8",
	LANG = "C.UTF-8"
    are supported and installed on your system.
perl: warning: Falling back to the standard locale ("C").
[shenzhouhr-mysql] IMMUTABLE_MIGRATION_SHA256=PASS file=V2__baseline_authorization_catalog.sql sha256=28934279faafa2154faccd470976aa6ab2c4a5058f7d1b08a989c271da5241b4
perl: warning: Setting locale failed.
perl: warning: Please check that your locale settings:
	LC_ALL = "C.UTF-8",
	LC_CTYPE = "C.UTF-8",
	LANG = "C.UTF-8"
    are supported and installed on your system.
perl: warning: Falling back to the standard locale ("C").
[shenzhouhr-mysql] IMMUTABLE_MIGRATION_SHA256=PASS file=V3__local_identity_session.sql sha256=75120a31c594f2a974c031ed400d028028f83fb915df1b457902df27a971f9f9
perl: warning: Setting locale failed.
perl: warning: Please check that your locale settings:
	LC_ALL = "C.UTF-8",
	LC_CTYPE = "C.UTF-8",
	LANG = "C.UTF-8"
    are supported and installed on your system.
perl: warning: Falling back to the standard locale ("C").
[shenzhouhr-mysql] IMMUTABLE_MIGRATION_SHA256=PASS file=V4__versioned_policy_foundation.sql sha256=22b7f4b4b5ad21beec719c09aade3fc50b41a64d958951a690328ea38d2402a8
[INFO] Scanning for projects...
[INFO] 
[INFO] ---------------------< com.szsemicon:shenzhou-hr >----------------------
[INFO] Building shenzhou-hr 0.1.0-SNAPSHOT
[INFO]   from pom.xml
[INFO] --------------------------------[ jar ]---------------------------------
[INFO] 
[INFO] --- flyway:12.4.0:migrate (default-cli) @ shenzhou-hr ---
[INFO] Database: jdbc:mysql://localhost:3306/shenzhou_hr_test?useUnicode=true&characterEncoding=UTF-8&connectionTimeZone=UTC&forceConnectionTimeZoneToSession=true (MySQL 8.0)
[INFO] Schema history table `shenzhou_hr_test`.`flyway_schema_history` does not exist yet
[INFO] Successfully validated 6 migrations (execution time 00:00.024s)
[INFO] Creating Schema History table `shenzhou_hr_test`.`flyway_schema_history` ...
[INFO] Current version of schema `shenzhou_hr_test`: << Empty Schema >>
[INFO] Migrating schema `shenzhou_hr_test` to version "1 - identity organization authorization audit"
[INFO] Migrating schema `shenzhou_hr_test` to version "2 - baseline authorization catalog"
[INFO] Migrating schema `shenzhou_hr_test` to version "3 - local identity session"
[INFO] Migrating schema `shenzhou_hr_test` to version "4 - versioned policy foundation"
[INFO] Migrating schema `shenzhou_hr_test` to version "5 - people initial import and versioning"
[WARNING] DB: 'VALUES function' is deprecated and will be removed in a future release. Please use an alias (INSERT INTO ... VALUES (...) AS alias) and replace VALUES(col) in the ON DUPLICATE KEY UPDATE clause with alias.col instead (SQL State: HY000 - Error Code: 1287)
[INFO] Migrating schema `shenzhou_hr_test` to version "6 - system admin people read prerequisite"
[INFO] Successfully applied 6 migrations to schema `shenzhou_hr_test`, now at version v6 (execution time 00:00.816s)
[INFO] Database: jdbc:mysql://localhost:3306/shenzhou_hr_test?useUnicode=true&characterEncoding=UTF-8&connectionTimeZone=UTC&forceConnectionTimeZoneToSession=true (MySQL 8.0)
[INFO] ------------------------------------------------------------------------
[INFO] BUILD SUCCESS
[INFO] ------------------------------------------------------------------------
[INFO] Total time:  3.677 s
[INFO] Finished at: 2026-07-26T10:21:21+08:00
[INFO] ------------------------------------------------------------------------
[INFO] Scanning for projects...
[INFO] 
[INFO] ---------------------< com.szsemicon:shenzhou-hr >----------------------
[INFO] Building shenzhou-hr 0.1.0-SNAPSHOT
[INFO]   from pom.xml
[INFO] --------------------------------[ jar ]---------------------------------
[INFO] 
[INFO] --- flyway:12.4.0:validate (default-cli) @ shenzhou-hr ---
[INFO] Database: jdbc:mysql://localhost:3306/shenzhou_hr_test?useUnicode=true&characterEncoding=UTF-8&connectionTimeZone=UTC&forceConnectionTimeZoneToSession=true (MySQL 8.0)
[INFO] Successfully validated 6 migrations (execution time 00:00.043s)
[INFO] ------------------------------------------------------------------------
[INFO] BUILD SUCCESS
[INFO] ------------------------------------------------------------------------
[INFO] Total time:  2.319 s
[INFO] Finished at: 2026-07-26T10:21:25+08:00
[INFO] ------------------------------------------------------------------------
[INFO] Scanning for projects...
[INFO] 
[INFO] ---------------------< com.szsemicon:shenzhou-hr >----------------------
[INFO] Building shenzhou-hr 0.1.0-SNAPSHOT
[INFO]   from pom.xml
[INFO] --------------------------------[ jar ]---------------------------------
[INFO] 
[INFO] --- flyway:12.4.0:migrate (default-cli) @ shenzhou-hr ---
[INFO] Database: jdbc:mysql://localhost:3306/shenzhou_hr_test?useUnicode=true&characterEncoding=UTF-8&connectionTimeZone=UTC&forceConnectionTimeZoneToSession=true (MySQL 8.0)
[INFO] Successfully validated 6 migrations (execution time 00:00.038s)
[INFO] Current version of schema `shenzhou_hr_test`: 6
[INFO] Schema `shenzhou_hr_test` is up to date. No migration necessary.
[INFO] Database: jdbc:mysql://localhost:3306/shenzhou_hr_test?useUnicode=true&characterEncoding=UTF-8&connectionTimeZone=UTC&forceConnectionTimeZoneToSession=true (MySQL 8.0)
[INFO] ------------------------------------------------------------------------
[INFO] BUILD SUCCESS
[INFO] ------------------------------------------------------------------------
[INFO] Total time:  3.007 s
[INFO] Finished at: 2026-07-26T10:21:30+08:00
[INFO] ------------------------------------------------------------------------
[shenzhouhr-mysql] SECOND_MIGRATE_NOOP=PASS database=shenzhou_hr_test history=6 tables=38
[shenzhouhr-mysql] FRESH_TEST_V1_TO_LATEST=PASS
[shenzhouhr-mysql] WAVE2_SCHEMA_CONTRACT=PASS database=shenzhou_hr_dev migrations=1,2,3,4,5,6 tables=10 indexes=26 foreign_keys=28 checks=13 retired_sync_capability=0
[shenzhouhr-mysql] WAVE2_SCHEMA_CONTRACT=PASS database=shenzhou_hr_test migrations=1,2,3,4,5,6 tables=10 indexes=26 foreign_keys=28 checks=13 retired_sync_capability=0
[shenzhouhr-mysql] TEST_TABLE_REBUILD=PASS database=shenzhou_hr_test
perl: warning: Setting locale failed.
perl: warning: Please check that your locale settings:
	LC_ALL = "C.UTF-8",
	LC_CTYPE = "C.UTF-8",
	LANG = "C.UTF-8"
    are supported and installed on your system.
perl: warning: Falling back to the standard locale ("C").
[shenzhouhr-mysql] IMMUTABLE_MIGRATION_SHA256=PASS file=V1__identity_organization_authorization_audit.sql sha256=5f5cdd3367ef7ab128974b7fcad89a44bcfc5631008bd066806f77d33f85c440
perl: warning: Setting locale failed.
perl: warning: Please check that your locale settings:
	LC_ALL = "C.UTF-8",
	LC_CTYPE = "C.UTF-8",
	LANG = "C.UTF-8"
    are supported and installed on your system.
perl: warning: Falling back to the standard locale ("C").
[shenzhouhr-mysql] IMMUTABLE_MIGRATION_SHA256=PASS file=V2__baseline_authorization_catalog.sql sha256=28934279faafa2154faccd470976aa6ab2c4a5058f7d1b08a989c271da5241b4
perl: warning: Setting locale failed.
perl: warning: Please check that your locale settings:
	LC_ALL = "C.UTF-8",
	LC_CTYPE = "C.UTF-8",
	LANG = "C.UTF-8"
    are supported and installed on your system.
perl: warning: Falling back to the standard locale ("C").
[shenzhouhr-mysql] IMMUTABLE_MIGRATION_SHA256=PASS file=V3__local_identity_session.sql sha256=75120a31c594f2a974c031ed400d028028f83fb915df1b457902df27a971f9f9
perl: warning: Setting locale failed.
perl: warning: Please check that your locale settings:
	LC_ALL = "C.UTF-8",
	LC_CTYPE = "C.UTF-8",
	LANG = "C.UTF-8"
    are supported and installed on your system.
perl: warning: Falling back to the standard locale ("C").
[shenzhouhr-mysql] IMMUTABLE_MIGRATION_SHA256=PASS file=V4__versioned_policy_foundation.sql sha256=22b7f4b4b5ad21beec719c09aade3fc50b41a64d958951a690328ea38d2402a8
[INFO] Scanning for projects...
[INFO] 
[INFO] ---------------------< com.szsemicon:shenzhou-hr >----------------------
[INFO] Building shenzhou-hr 0.1.0-SNAPSHOT
[INFO]   from pom.xml
[INFO] --------------------------------[ jar ]---------------------------------
[INFO] 
[INFO] --- flyway:12.4.0:migrate (default-cli) @ shenzhou-hr ---
[INFO] Database: jdbc:mysql://localhost:3306/shenzhou_hr_test?useUnicode=true&characterEncoding=UTF-8&connectionTimeZone=UTC&forceConnectionTimeZoneToSession=true (MySQL 8.0)
[INFO] Schema history table `shenzhou_hr_test`.`flyway_schema_history` does not exist yet
[INFO] Successfully validated 6 migrations (execution time 00:00.029s)
[INFO] Creating Schema History table `shenzhou_hr_test`.`flyway_schema_history` ...
[INFO] Current version of schema `shenzhou_hr_test`: << Empty Schema >>
[INFO] Migrating schema `shenzhou_hr_test` to version "1 - identity organization authorization audit"
[INFO] Migrating schema `shenzhou_hr_test` to version "2 - baseline authorization catalog"
[INFO] Migrating schema `shenzhou_hr_test` to version "3 - local identity session"
[INFO] Migrating schema `shenzhou_hr_test` to version "4 - versioned policy foundation"
[INFO] Successfully applied 4 migrations to schema `shenzhou_hr_test`, now at version v4 (execution time 00:00.822s)
[INFO] Database: jdbc:mysql://localhost:3306/shenzhou_hr_test?useUnicode=true&characterEncoding=UTF-8&connectionTimeZone=UTC&forceConnectionTimeZoneToSession=true (MySQL 8.0)
[INFO] ------------------------------------------------------------------------
[INFO] BUILD SUCCESS
[INFO] ------------------------------------------------------------------------
[INFO] Total time:  3.464 s
[INFO] Finished at: 2026-07-26T10:21:37+08:00
[INFO] ------------------------------------------------------------------------
[INFO] Scanning for projects...
[INFO] 
[INFO] ---------------------< com.szsemicon:shenzhou-hr >----------------------
[INFO] Building shenzhou-hr 0.1.0-SNAPSHOT
[INFO]   from pom.xml
[INFO] --------------------------------[ jar ]---------------------------------
[INFO] 
[INFO] --- flyway:12.4.0:migrate (default-cli) @ shenzhou-hr ---
[INFO] Database: jdbc:mysql://localhost:3306/shenzhou_hr_test?useUnicode=true&characterEncoding=UTF-8&connectionTimeZone=UTC&forceConnectionTimeZoneToSession=true (MySQL 8.0)
[INFO] Successfully validated 6 migrations (execution time 00:00.056s)
[INFO] Current version of schema `shenzhou_hr_test`: 4
[INFO] Migrating schema `shenzhou_hr_test` to version "5 - people initial import and versioning"
[WARNING] DB: 'VALUES function' is deprecated and will be removed in a future release. Please use an alias (INSERT INTO ... VALUES (...) AS alias) and replace VALUES(col) in the ON DUPLICATE KEY UPDATE clause with alias.col instead (SQL State: HY000 - Error Code: 1287)
[INFO] Migrating schema `shenzhou_hr_test` to version "6 - system admin people read prerequisite"
[INFO] Successfully applied 2 migrations to schema `shenzhou_hr_test`, now at version v6 (execution time 00:00.428s)
[INFO] Database: jdbc:mysql://localhost:3306/shenzhou_hr_test?useUnicode=true&characterEncoding=UTF-8&connectionTimeZone=UTC&forceConnectionTimeZoneToSession=true (MySQL 8.0)
[INFO] ------------------------------------------------------------------------
[INFO] BUILD SUCCESS
[INFO] ------------------------------------------------------------------------
[INFO] Total time:  3.027 s
[INFO] Finished at: 2026-07-26T10:21:42+08:00
[INFO] ------------------------------------------------------------------------
[INFO] Scanning for projects...
[INFO] 
[INFO] ---------------------< com.szsemicon:shenzhou-hr >----------------------
[INFO] Building shenzhou-hr 0.1.0-SNAPSHOT
[INFO]   from pom.xml
[INFO] --------------------------------[ jar ]---------------------------------
[INFO] 
[INFO] --- flyway:12.4.0:validate (default-cli) @ shenzhou-hr ---
[INFO] Database: jdbc:mysql://localhost:3306/shenzhou_hr_test?useUnicode=true&characterEncoding=UTF-8&connectionTimeZone=UTC&forceConnectionTimeZoneToSession=true (MySQL 8.0)
[INFO] Successfully validated 6 migrations (execution time 00:00.044s)
[INFO] ------------------------------------------------------------------------
[INFO] BUILD SUCCESS
[INFO] ------------------------------------------------------------------------
[INFO] Total time:  2.360 s
[INFO] Finished at: 2026-07-26T10:21:46+08:00
[INFO] ------------------------------------------------------------------------
[INFO] Scanning for projects...
[INFO] 
[INFO] ---------------------< com.szsemicon:shenzhou-hr >----------------------
[INFO] Building shenzhou-hr 0.1.0-SNAPSHOT
[INFO]   from pom.xml
[INFO] --------------------------------[ jar ]---------------------------------
[INFO] 
[INFO] --- flyway:12.4.0:migrate (default-cli) @ shenzhou-hr ---
[INFO] Database: jdbc:mysql://localhost:3306/shenzhou_hr_test?useUnicode=true&characterEncoding=UTF-8&connectionTimeZone=UTC&forceConnectionTimeZoneToSession=true (MySQL 8.0)
[INFO] Successfully validated 6 migrations (execution time 00:00.067s)
[INFO] Current version of schema `shenzhou_hr_test`: 6
[INFO] Schema `shenzhou_hr_test` is up to date. No migration necessary.
[INFO] Database: jdbc:mysql://localhost:3306/shenzhou_hr_test?useUnicode=true&characterEncoding=UTF-8&connectionTimeZone=UTC&forceConnectionTimeZoneToSession=true (MySQL 8.0)
[INFO] ------------------------------------------------------------------------
[INFO] BUILD SUCCESS
[INFO] ------------------------------------------------------------------------
[INFO] Total time:  2.581 s
[INFO] Finished at: 2026-07-26T10:21:50+08:00
[INFO] ------------------------------------------------------------------------
[shenzhouhr-mysql] SECOND_MIGRATE_NOOP=PASS database=shenzhou_hr_test history=6 tables=38
[shenzhouhr-mysql] V1_V4_TO_LATEST_UPGRADE=PASS
[shenzhouhr-mysql] WAVE2_SCHEMA_CONTRACT=PASS database=shenzhou_hr_dev migrations=1,2,3,4,5,6 tables=10 indexes=26 foreign_keys=28 checks=13 retired_sync_capability=0
[shenzhouhr-mysql] WAVE2_SCHEMA_CONTRACT=PASS database=shenzhou_hr_test migrations=1,2,3,4,5,6 tables=10 indexes=26 foreign_keys=28 checks=13 retired_sync_capability=0
[shenzhouhr-mysql] shenzhou_hr_dev_APP_CREATE=DENIED_AS_EXPECTED
[shenzhouhr-mysql] shenzhou_hr_dev_APP_ALTER=DENIED_AS_EXPECTED
[shenzhouhr-mysql] shenzhou_hr_dev_APP_DROP=DENIED_AS_EXPECTED
[shenzhouhr-mysql] shenzhou_hr_dev_APP_GRANT=DENIED_AS_EXPECTED
[shenzhouhr-mysql] shenzhou_hr_test_APP_CREATE=DENIED_AS_EXPECTED
[shenzhouhr-mysql] shenzhou_hr_test_APP_ALTER=DENIED_AS_EXPECTED
[shenzhouhr-mysql] shenzhou_hr_test_APP_DROP=DENIED_AS_EXPECTED
[shenzhouhr-mysql] shenzhou_hr_test_APP_GRANT=DENIED_AS_EXPECTED
[shenzhouhr-mysql] DEV_APP_CROSS_SCHEMA=DENIED_AS_EXPECTED
[shenzhouhr-mysql] TEST_APP_CROSS_SCHEMA=DENIED_AS_EXPECTED
[shenzhouhr-mysql] APP_ACCOUNT_PRIVILEGES=PASS
[shenzhouhr-mysql] FINAL_DATABASE_STATE=PASS dev=PRESERVED test=PRESERVED
[shenzhouhr-mysql] WAVE2_LOCAL_MYSQL_VERIFICATION=PASS
